Γû▓ Next.js 16.1.6 (Turbopack)

  Creating an optimized production build ...
node.exe : 
At line:1 char:1
+ & "C:\Program 
Files\nodejs/node.exe" 
"C:\Program 
Files\nodejs/node_mo ...
+ ~~~~~~~~~~~~~~~~~~~~~~~~~~~
~~~~~~~~~~~~~~~~~~~~~~~~~~~~~
~~~~~~~~~~~~~
    + CategoryInfo           
   : NotSpecified: (:String  
  ) [], RemoteException
    + FullyQualifiedErrorId  
   : NativeCommandError
 
> Build error occurred
Error: Turbopack build 
failed with 1 errors:
./src/app/globals.css
Error evaluating Node.js code
Error: It looks like you're 
trying to use `tailwindcss` 
directly as a PostCSS 
plugin. The PostCSS plugin 
has moved to a separate 
package, so to continue 
using Tailwind CSS with 
PostCSS you'll need to 
install 
`@tailwindcss/postcss` and 
update your PostCSS 
configuration.
    [at at (C:\Users\Manny\On
eDrive\Desktop\Antigravity\ma
nny.dev3\node_modules\tailwin
dcss\dist\lib.js:38:1643)]
    at turbopack:///[turbopac
k-node]/transforms/postcss.ts
:56:14 [C:\Users\Manny\OneDri
ve\Desktop\Antigravity\manny.
dev3\.next\build\chunks\[root
-of-the-server]__51225daf._.j
s:140:20]
    [at <anonymous>]
    at Module.init (turbopack
:///[turbopack-node]/transfor
ms/postcss.ts:43:33) [C:\User
s\Manny\OneDrive\Desktop\Anti
gravity\manny.dev3\.next\buil
d\chunks\[root-of-the-server]
__51225daf._.js:130:35]
    at run (turbopack:///[tur
bopack-node]/ipc/evaluate.ts:
77:20) [C:\Users\Manny\OneDri
ve\Desktop\Antigravity\manny.
dev3\.next\build\chunks\[root
-of-the-server]__974941ed._.j
s:429:26]
    [at process.processTicksA
ndRejections (node:internal/p
rocess/task_queues:103:5)]

Import trace:
  Client Component Browser:
    ./src/app/globals.css 
[Client Component Browser]
    ./src/app/layout.tsx 
[Server Component]


    at Module.init (turbopack
:///[turbopack-node]/transfor
ms/postcss.ts:43:33) [C:\User
s\Manny\OneDrive\Desktop\Anti
gravity\manny.dev3\.next\buil
d\chunks\[root-of-the-server]
__51225daf._.js:130:35])
    at run (turbopack:///[tur
bopack-node]/ipc/evaluate.ts:
77:20) [C:\Users\Manny\OneDri
ve\Desktop\Antigravity\manny.
dev3\.next\build\chunks\[root
-of-the-server]__974941ed._.j
s:429:26])
